main.c:68:6:display7SEG	16	static
main.c:164:6:En0Only	8	static
main.c:170:6:En1Only	8	static
main.c:176:6:En2Only	8	static
main.c:182:6:En3Only	8	static
main.c:191:6:update7SEG	16	static
main.c:212:6:updateClockBuffer	4	static
main.c:218:6:clearAllLEDMatrix	8	static
main.c:231:6:clearAllMatrixCOL	8	static
main.c:241:6:clearAllMatrixROW	8	static
main.c:251:6:updateLEDMatrix	16	static
main.c:288:6:ShiftRightToLeft	16	static
main.c:308:5:main	8	static
main.c:407:6:SystemClock_Config	72	static
main.c:443:13:MX_TIM2_Init	32	static
main.c:488:13:MX_GPIO_Init	32	static
main.c:544:6:Error_Handler	4	static,ignoring_inline_asm
main.c:554:7:HAL_TIM_PeriodElapsedCallback	16	static
